1S= true 1 undefined
1T= undefined undefined undefined
-----
2S= true 1 undefined
2T= true 1 undefined
-----
