valuepre2> ;
--- Output: O(3)
valuepre2> ;
--- Output: O(5)
