dans atom
Causality error
file:/home/jkrishna/hiphop/tests/causal-valueNew.hh.js:65
file:/home/jkrishna/hiphop/tests/causal-valueNew.hh.js:145
file:/home/jkrishna/hiphop/tests/causal-valueNew.hh.js:194
file:/home/jkrishna/hiphop/tests/causal-valueNew.hh.js:238
causality error
