Causality error
file:/home/jkrishna/hiphop/tests/causal2New.hh.js:88
file:/home/jkrishna/hiphop/tests/causal2New.hh.js:113
file:/home/jkrishna/hiphop/tests/causal2New.hh.js:150
causality error
