every: immediate can't be used with an expression.
