exec> ;
waiting T...
in async, emitting T
[]
exec> ;
T received.
[ 'O(2)' ]
exec> ;
[]
